PS C:\Users\Chiharu Takahashi> mkdir git_Development 


Mode                 LastWriteTime         Length Name       
d-----        2024/02/25     15:17                git_Develo 
                                                  pment      


PS C:\Users\Chiharu Takahashi> cd
PS C:\Users\Chiharu Takahashi> cd git_Development
PS C:\Users\Chiharu Takahashi\git_Development> git init      
PS C:\Users\Chiharu Takahashi\git_Development> git init cd git_kadai_240225
usage: git init [-q | --quiet] [--bare] [--template=<template-directory>]
         [--separate-git-dir <git-dir>] [--object-format=<format>]
         [--ref-format=<format>]
         [-b <branch-name> | --initial-branch=<branch-name>]  
         [--shared[=<permissions>]] [<directory>]
PS C:\Users\Chiharu Takahashi\git_Development> cd git_kadai_240225
発生場所 行:1 文字:1
+ cd git_kadai_240225
/git_Development/git_challenge/.git/
PS C:\Users\Chiharu Takahashi\git_Development> echo "Hello,world!" >> hello_world.txt
PS C:\Users\Chiharu Takahashi\git_Development\git_challenge> echo "Hello,world!" >> hello_world.txt
[main (root-commit) 070afb2] 1蝗樒岼縺ｮ繧ｳ繝溘ャ繝            hallenge"
 1 file changed, 0 insertions(+), 0 deletions(-)              /git_Development/git_challenge/.git/
 create mode 100644 hello_world.txt
PS C:\Users\Chiharu Takahashi\git_Development\git_challenge> gld!" >> hello_world.txtit commit -m "hello_world.txtを追加"
On branch main
nothing to commit, working tree clean
PS C:\Users\Chiharu Takahashi\git_Development\git_challenge> echo "こんにちは、世界!" >> hello_world.txt
On branch main
no changes added to commit (use "git add" and/or "git commit -a")
PS C:\Users\Chiharu Takahashi\git_Development\git_challenge> git log --oneline
070afb2 (HEAD -> main) 1回目のコミット
PS C:\Users\Chiharu Takahashi\git_Development\git_challenge> gAuthor: CtHaru240224 <haru7613k-shopping@yahoo.co.jp>
Date:   Sun Feb 25 15:45:04 2024 +0900
PS C:\Users\Chiharu Takahashi\git_Development\git_challenge> git log --oneline
070afb2 (HEAD -> main) 1回目のコミット
PS C:\Users\Chiharu Takahashi\git_Development\git_challenge> git add hello_world.txt
PS C:\Users\Chiharu Takahashi\git_Development\git_challenge> git commit -m "日本語訳を追記"
[main 4f49168] 谺｡縺ｮ繧ｳ繝溘ャ繝
 1 file changed, 0 insertions(+), 0 deletions(-)
PS C:\Users\Chiharu Takahashi\git_Development\git_challenge> git log --oneline
4f49168 (HEAD -> main) 日本語訳を追記
070afb2 hello_world.txtを追加
PS C:\Users\Chiharu Takahashi\git_Development\git_challenge>  












